Component: ARM Compiler 6.15 Tool: armlink [5dd79300]

==============================================================================

Section Cross References

    rural_assembly.o(vectors) refers to rural_assembly.o(PROG) for Reset_Handler


==============================================================================

Image Symbol Table

    Local Symbols

    Symbol Name                              Value     Ov Type        Size  Object(Section)

    rural_assembly.asm                       0x00000000   Number         0  rural_assembly.o ABSOLUTE
    vectors                                  0x08000000   Section        8  rural_assembly.o(vectors)
    $v0                                      0x08000008   Number         0  rural_assembly.o(PROG)
    PROG                                     0x08000008   Section      148  rural_assembly.o(PROG)

    Global Symbols

    Symbol Name                              Value     Ov Type        Size  Object(Section)

    BuildAttributes$$THM_ISAv4$E$P$D$K$B$S$7EM$VFPi3$EXTD16$VFPS$VFMA$PE$A:L22UL41UL21$X:L11$S22US41US21$IEEE1$~IW$USESV6$~STKCKD$USESV7$~SHL$OSPACE$EBA8$STANDARDLIB$PRES8$EABIv2 0x00000000   Number         0  anon$$obj.o ABSOLUTE
    __Vectors                                0x08000000   Data           4  rural_assembly.o(vectors)
    Reset_Handler                            0x08000009   Thumb Code     0  rural_assembly.o(PROG)



==============================================================================

Memory Map of the image

  Image Entry point : 0x08000009

  Load Region LR_1 (Base: 0x08000000, Size: 0x0000009c, Max: 0xffffffff, ABSOLUTE)

    Execution Region ER_RO (Exec base: 0x08000000, Load base: 0x08000000, Size: 0x0000009c, Max: 0xffffffff, ABSOLUTE)

    Exec Addr    Load Addr    Size         Type   Attr      Idx    E Section Name        Object

    0x08000000   0x08000000   0x00000008   Code   RO            1    vectors             rural_assembly.o
    0x08000008   0x08000008   0x00000094   Code   RO            2  * PROG                rural_assembly.o


    Execution Region ER_RW (Exec base: 0x20000000, Load base: 0x0800009c, Size: 0x00000000, Max: 0xffffffff, ABSOLUTE)

    **** No section assigned to this execution region ****


    Execution Region ER_ZI (Exec base: 0x20000000, Load base: 0x0800009c, Size: 0x00000000, Max: 0xffffffff, ABSOLUTE)

    **** No section assigned to this execution region ****


==============================================================================

Image component sizes


      Code (inc. data)   RO Data    RW Data    ZI Data      Debug   Object Name

       156         34          0          0          0        512   rural_assembly.o

    ----------------------------------------------------------------------
       156         34          0          0          0        512   Object Totals
         0          0          0          0          0          0   (incl. Generated)
         0          0          0          0          0          0   (incl. Padding)

    ----------------------------------------------------------------------
         0          0          0          0          0          0   Library Totals
         0          0          0          0          0          0   (incl. Padding)

    ----------------------------------------------------------------------

==============================================================================


      Code (inc. data)   RO Data    RW Data    ZI Data      Debug   

       156         34          0          0          0        512   Grand Totals
       156         34          0          0          0        512   ELF Image Totals
       156         34          0          0          0          0   ROM Totals

==============================================================================

    Total RO  Size (Code + RO Data)                  156 (   0.15kB)
    Total RW  Size (RW Data + ZI Data)                 0 (   0.00kB)
    Total ROM Size (Code + RO Data + RW Data)        156 (   0.15kB)

==============================================================================

