Component: ARM Compiler 6.15 Tool: armlink [5dd79300]

==============================================================================

Section Cross References

    trafic lights.o(.text.main) refers to trafic lights.o(.text.LCD_init) for LCD_init
    trafic lights.o(.text.main) refers to trafic lights.o(.bss.mode) for mode
    trafic lights.o(.text.main) refers to trafic lights.o(.bss.Ns_cross) for Ns_cross
    trafic lights.o(.text.main) refers to trafic lights.o(.bss.Ew_cross) for Ew_cross
    trafic lights.o(.text.main) refers to trafic lights.o(.text.LCD_HUD) for LCD_HUD
    trafic lights.o(.text.main) refers to trafic lights.o(.text.delayMs) for delayMs
    trafic lights.o(.text.main) refers to trafic lights.o(.text.LCD_command) for LCD_command
    trafic lights.o(.text.main) refers to trafic lights.o(.text.urbanTraffic) for urbanTraffic
    trafic lights.o(.text.main) refers to trafic lights.o(.text.urbanTraffic_c) for urbanTraffic_c
    trafic lights.o(.text.main) refers to trafic lights.o(.text.ruralTraffic_c) for ruralTraffic_c
    trafic lights.o(.text.main) refers to trafic lights.o(.text.yEW_rNS) for yEW_rNS
    trafic lights.o(.text.main) refers to trafic lights.o(.text.ruralTraffic) for ruralTraffic
    trafic lights.o(.text.main) refers to trafic lights.o(.text.yNS_rEW) for yNS_rEW
    trafic lights.o(.text.main) refers to trafic lights.o(.text.redRed) for redRed
    trafic lights.o(.ARM.exidx.text.main) refers to trafic lights.o(.text.main) for [Anonymous Symbol]
    trafic lights.o(.text.LCD_init) refers to trafic lights.o(.text.PORTS_init) for PORTS_init
    trafic lights.o(.text.LCD_init) refers to trafic lights.o(.text.delayMs) for delayMs
    trafic lights.o(.text.LCD_init) refers to trafic lights.o(.text.LCD_nibble_write) for LCD_nibble_write
    trafic lights.o(.text.LCD_init) refers to trafic lights.o(.text.LCD_command) for LCD_command
    trafic lights.o(.ARM.exidx.text.LCD_init) refers to trafic lights.o(.text.LCD_init) for [Anonymous Symbol]
    trafic lights.o(.text.LCD_HUD) refers to trafic lights.o(.bss.stage) for stage
    trafic lights.o(.text.LCD_HUD) refers to trafic lights.o(.data.LCD_HUD.modec) for LCD_HUD.modec
    trafic lights.o(.text.LCD_HUD) refers to trafic lights.o(.text.LCD_print) for LCD_print
    trafic lights.o(.text.LCD_HUD) refers to trafic lights.o(.text.LCD_data) for LCD_data
    trafic lights.o(.text.LCD_HUD) refers to trafic lights.o(.bss.mode) for mode
    trafic lights.o(.text.LCD_HUD) refers to trafic lights.o(.data.LCD_HUD.modes) for LCD_HUD.modes
    trafic lights.o(.text.LCD_HUD) refers to trafic lights.o(.text.LCD_command) for LCD_command
    trafic lights.o(.text.LCD_HUD) refers to trafic lights.o(.bss.cursor) for cursor
    trafic lights.o(.text.LCD_HUD) refers to trafic lights.o(.text.cursor_update) for cursor_update
    trafic lights.o(.text.LCD_HUD) refers to trafic lights.o(.data.LCD_HUD.p_back) for LCD_HUD.p_back
    trafic lights.o(.text.LCD_HUD) refers to trafic lights.o(.data.LCD_HUD.operations) for LCD_HUD.operations
    trafic lights.o(.text.LCD_HUD) refers to trafic lights.o(.bss.tod_enable) for tod_enable
    trafic lights.o(.text.LCD_HUD) refers to trafic lights.o(.data.LCD_HUD.tod_en) for LCD_HUD.tod_en
    trafic lights.o(.text.LCD_HUD) refers to trafic lights.o(.data.LCD_HUD.mc) for LCD_HUD.mc
    trafic lights.o(.text.LCD_HUD) refers to trafic lights.o(.data.LCD_HUD.p_front) for LCD_HUD.p_front
    trafic lights.o(.text.LCD_HUD) refers to trafic lights.o(.data.LCD_HUD.td) for LCD_HUD.td
    trafic lights.o(.text.LCD_HUD) refers to trafic lights.o(.data.LCD_HUD.gy) for LCD_HUD.gy
    trafic lights.o(.text.LCD_HUD) refers to trafic lights.o(.data.G) for G
    trafic lights.o(.text.LCD_HUD) refers to trafic lights.o(.data.Y) for Y
    trafic lights.o(.text.LCD_HUD) refers to trafic lights.o(.bss.step) for step
    trafic lights.o(.text.LCD_HUD) refers to trafic lights.o(.data.LCD_HUD.tod) for LCD_HUD.tod
    trafic lights.o(.text.LCD_HUD) refers to trafic lights.o(.bss.mode_1) for mode_1
    trafic lights.o(.text.LCD_HUD) refers to trafic lights.o(.data.LCD_HUD.tod_count) for LCD_HUD.tod_count
    trafic lights.o(.text.LCD_HUD) refers to trafic lights.o(.bss.mode_2) for mode_2
    trafic lights.o(.text.LCD_HUD) refers to trafic lights.o(.text.delayMs) for delayMs
    trafic lights.o(.ARM.exidx.text.LCD_HUD) refers to trafic lights.o(.text.LCD_HUD) for [Anonymous Symbol]
    trafic lights.o(.text.urbanTraffic) refers to trafic lights.o(.data.G) for G
    trafic lights.o(.text.urbanTraffic) refers to trafic lights.o(.text.delayMs) for delayMs
    trafic lights.o(.text.urbanTraffic) refers to trafic lights.o(.data.Y) for Y
    trafic lights.o(.ARM.exidx.text.urbanTraffic) refers to trafic lights.o(.text.urbanTraffic) for [Anonymous Symbol]
    trafic lights.o(.text.ruralTraffic) refers to trafic lights.o(.data.G) for G
    trafic lights.o(.text.ruralTraffic) refers to trafic lights.o(.text.delayMs) for delayMs
    trafic lights.o(.text.ruralTraffic) refers to trafic lights.o(.data.Y) for Y
    trafic lights.o(.ARM.exidx.text.ruralTraffic) refers to trafic lights.o(.text.ruralTraffic) for [Anonymous Symbol]
    trafic lights.o(.text.urbanTraffic_c) refers to trafic lights.o(.data.G) for G
    trafic lights.o(.text.urbanTraffic_c) refers to trafic lights.o(.text.delayMs) for delayMs
    trafic lights.o(.text.urbanTraffic_c) refers to trafic lights.o(.data.Y) for Y
    trafic lights.o(.text.urbanTraffic_c) refers to trafic lights.o(.bss.Ns_cross) for Ns_cross
    trafic lights.o(.text.urbanTraffic_c) refers to trafic lights.o(.text.crosswalk) for crosswalk
    trafic lights.o(.text.urbanTraffic_c) refers to trafic lights.o(.bss.Ew_cross) for Ew_cross
    trafic lights.o(.ARM.exidx.text.urbanTraffic_c) refers to trafic lights.o(.text.urbanTraffic_c) for [Anonymous Symbol]
    trafic lights.o(.text.ruralTraffic_c) refers to trafic lights.o(.data.G) for G
    trafic lights.o(.text.ruralTraffic_c) refers to trafic lights.o(.text.delayMs) for delayMs
    trafic lights.o(.text.ruralTraffic_c) refers to trafic lights.o(.data.Y) for Y
    trafic lights.o(.text.ruralTraffic_c) refers to trafic lights.o(.bss.Ns_cross) for Ns_cross
    trafic lights.o(.text.ruralTraffic_c) refers to trafic lights.o(.text.crosswalk) for crosswalk
    trafic lights.o(.text.ruralTraffic_c) refers to trafic lights.o(.bss.Ew_cross) for Ew_cross
    trafic lights.o(.ARM.exidx.text.ruralTraffic_c) refers to trafic lights.o(.text.ruralTraffic_c) for [Anonymous Symbol]
    trafic lights.o(.text.yEW_rNS) refers to trafic lights.o(.text.delayMs) for delayMs
    trafic lights.o(.ARM.exidx.text.yEW_rNS) refers to trafic lights.o(.text.yEW_rNS) for [Anonymous Symbol]
    trafic lights.o(.text.yNS_rEW) refers to trafic lights.o(.text.delayMs) for delayMs
    trafic lights.o(.ARM.exidx.text.yNS_rEW) refers to trafic lights.o(.text.yNS_rEW) for [Anonymous Symbol]
    trafic lights.o(.text.redRed) refers to trafic lights.o(.text.delayMs) for delayMs
    trafic lights.o(.ARM.exidx.text.redRed) refers to trafic lights.o(.text.redRed) for [Anonymous Symbol]
    trafic lights.o(.ARM.exidx.text.delayMs) refers to trafic lights.o(.text.delayMs) for [Anonymous Symbol]
    trafic lights.o(.text.LCD_command) refers to trafic lights.o(.text.LCD_nibble_write) for LCD_nibble_write
    trafic lights.o(.text.LCD_command) refers to trafic lights.o(.text.delayMs) for delayMs
    trafic lights.o(.ARM.exidx.text.LCD_command) refers to trafic lights.o(.text.LCD_command) for [Anonymous Symbol]
    trafic lights.o(.text.LCD_print) refers to trafic lights.o(.text.LCD_data) for LCD_data
    trafic lights.o(.text.LCD_print) refers to trafic lights.o(.text.delayMs) for delayMs
    trafic lights.o(.ARM.exidx.text.LCD_print) refers to trafic lights.o(.text.LCD_print) for [Anonymous Symbol]
    trafic lights.o(.text.LCD_data) refers to trafic lights.o(.text.LCD_nibble_write) for LCD_nibble_write
    trafic lights.o(.text.LCD_data) refers to trafic lights.o(.text.delayMs) for delayMs
    trafic lights.o(.ARM.exidx.text.LCD_data) refers to trafic lights.o(.text.LCD_data) for [Anonymous Symbol]
    trafic lights.o(.ARM.exidx.text.cursor_update) refers to trafic lights.o(.text.cursor_update) for [Anonymous Symbol]
    trafic lights.o(.text.crosswalk) refers to trafic lights.o(.text.redRed) for redRed
    trafic lights.o(.ARM.exidx.text.crosswalk) refers to trafic lights.o(.text.crosswalk) for [Anonymous Symbol]
    trafic lights.o(.text.PORTS_init) refers to trafic lights.o(.text.__NVIC_EnableIRQ) for __NVIC_EnableIRQ
    trafic lights.o(.ARM.exidx.text.PORTS_init) refers to trafic lights.o(.text.PORTS_init) for [Anonymous Symbol]
    trafic lights.o(.text.LCD_nibble_write) refers to trafic lights.o(.text.delayMs) for delayMs
    trafic lights.o(.ARM.exidx.text.LCD_nibble_write) refers to trafic lights.o(.text.LCD_nibble_write) for [Anonymous Symbol]
    trafic lights.o(.ARM.exidx.text.__NVIC_EnableIRQ) refers to trafic lights.o(.text.__NVIC_EnableIRQ) for [Anonymous Symbol]
    trafic lights.o(.text.TIM2_IRQHandler) refers to trafic lights.o(.bss.tod_enable) for tod_enable
    trafic lights.o(.text.TIM2_IRQHandler) refers to trafic lights.o(.bss.mode) for mode
    trafic lights.o(.text.TIM2_IRQHandler) refers to trafic lights.o(.bss.mode_1) for mode_1
    trafic lights.o(.text.TIM2_IRQHandler) refers to trafic lights.o(.bss.mode_2) for mode_2
    trafic lights.o(.ARM.exidx.text.TIM2_IRQHandler) refers to trafic lights.o(.text.TIM2_IRQHandler) for [Anonymous Symbol]
    trafic lights.o(.text.EXTI2_IRQHandler) refers to trafic lights.o(.bss.mode) for mode
    trafic lights.o(.text.EXTI2_IRQHandler) refers to trafic lights.o(.bss.Ns_cross) for Ns_cross
    trafic lights.o(.ARM.exidx.text.EXTI2_IRQHandler) refers to trafic lights.o(.text.EXTI2_IRQHandler) for [Anonymous Symbol]
    trafic lights.o(.text.EXTI3_IRQHandler) refers to trafic lights.o(.bss.mode) for mode
    trafic lights.o(.text.EXTI3_IRQHandler) refers to trafic lights.o(.bss.Ew_cross) for Ew_cross
    trafic lights.o(.ARM.exidx.text.EXTI3_IRQHandler) refers to trafic lights.o(.text.EXTI3_IRQHandler) for [Anonymous Symbol]
    startup_stm32f446xx.o(STACK) refers (Special) to heapauxi.o(.text) for __use_two_region_memory
    startup_stm32f446xx.o(HEAP) refers (Special) to heapauxi.o(.text) for __use_two_region_memory
    startup_stm32f446xx.o(RESET) refers (Special) to heapauxi.o(.text) for __use_two_region_memory
    startup_stm32f446xx.o(RESET) refers to startup_stm32f446xx.o(STACK) for __initial_sp
    startup_stm32f446xx.o(RESET) refers to startup_stm32f446xx.o(.text) for Reset_Handler
    startup_stm32f446xx.o(RESET) refers to trafic lights.o(.text.EXTI2_IRQHandler) for EXTI2_IRQHandler
    startup_stm32f446xx.o(RESET) refers to trafic lights.o(.text.EXTI3_IRQHandler) for EXTI3_IRQHandler
    startup_stm32f446xx.o(RESET) refers to trafic lights.o(.text.TIM2_IRQHandler) for TIM2_IRQHandler
    startup_stm32f446xx.o(.text) refers (Special) to heapauxi.o(.text) for __use_two_region_memory
    startup_stm32f446xx.o(.text) refers to system_stm32f4xx.o(.text.SystemInit) for SystemInit
    startup_stm32f446xx.o(.text) refers to __main.o(!!!main) for __main
    startup_stm32f446xx.o(.text) refers to startup_stm32f446xx.o(HEAP) for Heap_Mem
    startup_stm32f446xx.o(.text) refers to startup_stm32f446xx.o(STACK) for Stack_Mem
    system_stm32f4xx.o(.ARM.exidx.text.SystemInit) refers to system_stm32f4xx.o(.text.SystemInit) for [Anonymous Symbol]
    system_stm32f4xx.o(.text.SystemCoreClockUpdate) refers to system_stm32f4xx.o(.data.SystemCoreClock) for SystemCoreClock
    system_stm32f4xx.o(.text.SystemCoreClockUpdate) refers to system_stm32f4xx.o(.rodata.AHBPrescTable) for AHBPrescTable
    system_stm32f4xx.o(.ARM.exidx.text.SystemCoreClockUpdate) refers to system_stm32f4xx.o(.text.SystemCoreClockUpdate) for [Anonymous Symbol]
    __main.o(!!!main) refers to __rtentry.o(.ARM.Collect$$rtentry$$00000000) for __rt_entry
    __rtentry.o(.ARM.Collect$$rtentry$$00000000) refers (Special) to __rtentry2.o(.ARM.Collect$$rtentry$$0000000A) for __rt_entry_li
    __rtentry.o(.ARM.Collect$$rtentry$$00000000) refers (Special) to __rtentry2.o(.ARM.Collect$$rtentry$$0000000D) for __rt_entry_main
    __rtentry.o(.ARM.Collect$$rtentry$$00000000) refers (Special) to __rtentry2.o(.ARM.Collect$$rtentry$$0000000C) for __rt_entry_postli_1
    __rtentry.o(.ARM.Collect$$rtentry$$00000000) refers (Special) to __rtentry2.o(.ARM.Collect$$rtentry$$00000009) for __rt_entry_postsh_1
    __rtentry.o(.ARM.Collect$$rtentry$$00000000) refers (Special) to __rtentry2.o(.ARM.Collect$$rtentry$$00000002) for __rt_entry_presh_1
    __rtentry.o(.ARM.Collect$$rtentry$$00000000) refers (Special) to __rtentry4.o(.ARM.Collect$$rtentry$$00000004) for __rt_entry_sh
    __rtentry2.o(.ARM.Collect$$rtentry$$00000008) refers to boardinit2.o(.text) for _platform_post_stackheap_init
    __rtentry2.o(.ARM.Collect$$rtentry$$0000000A) refers to libinit.o(.ARM.Collect$$libinit$$00000000) for __rt_lib_init
    __rtentry2.o(.ARM.Collect$$rtentry$$0000000B) refers to boardinit3.o(.text) for _platform_post_lib_init
    __rtentry2.o(.ARM.Collect$$rtentry$$0000000D) refers to trafic lights.o(.text.main) for main
    __rtentry2.o(.ARM.Collect$$rtentry$$0000000D) refers to exit.o(.text) for exit
    __rtentry2.o(.ARM.exidx) refers to __rtentry2.o(.ARM.Collect$$rtentry$$00000001) for .ARM.Collect$$rtentry$$00000001
    __rtentry2.o(.ARM.exidx) refers to __rtentry2.o(.ARM.Collect$$rtentry$$00000008) for .ARM.Collect$$rtentry$$00000008
    __rtentry2.o(.ARM.exidx) refers to __rtentry2.o(.ARM.Collect$$rtentry$$0000000A) for .ARM.Collect$$rtentry$$0000000A
    __rtentry2.o(.ARM.exidx) refers to __rtentry2.o(.ARM.Collect$$rtentry$$0000000B) for .ARM.Collect$$rtentry$$0000000B
    __rtentry2.o(.ARM.exidx) refers to __rtentry2.o(.ARM.Collect$$rtentry$$0000000D) for .ARM.Collect$$rtentry$$0000000D
    __rtentry4.o(.ARM.Collect$$rtentry$$00000004) refers to sys_stackheap_outer.o(.text) for __user_setup_stackheap
    __rtentry4.o(.ARM.exidx) refers to __rtentry4.o(.ARM.Collect$$rtentry$$00000004) for .ARM.Collect$$rtentry$$00000004
    sys_stackheap_outer.o(.text) refers to libspace.o(.text) for __user_perproc_libspace
    sys_stackheap_outer.o(.text) refers to startup_stm32f446xx.o(.text) for __user_initial_stackheap
    exit.o(.text) refers to rtexit.o(.ARM.Collect$$rtexit$$00000000) for __rt_exit
    libinit.o(.ARM.Collect$$libinit$$00000000) refers (Special) to libinit2.o(.ARM.Collect$$libinit$$0000002E) for __rt_lib_init_alloca_1
    libinit.o(.ARM.Collect$$libinit$$00000000) refers (Special) to libinit2.o(.ARM.Collect$$libinit$$0000002C) for __rt_lib_init_argv_1
    libinit.o(.ARM.Collect$$libinit$$00000000) refers (Special) to libinit2.o(.ARM.Collect$$libinit$$0000001B) for __rt_lib_init_atexit_1
    libinit.o(.ARM.Collect$$libinit$$00000000) refers (Special) to libinit2.o(.ARM.Collect$$libinit$$00000021) for __rt_lib_init_clock_1
    libinit.o(.ARM.Collect$$libinit$$00000000) refers (Special) to libinit2.o(.ARM.Collect$$libinit$$00000032) for __rt_lib_init_cpp_1
    libinit.o(.ARM.Collect$$libinit$$00000000) refers (Special) to libinit2.o(.ARM.Collect$$libinit$$00000030) for __rt_lib_init_exceptions_1
    libinit.o(.ARM.Collect$$libinit$$00000000) refers (Special) to libinit2.o(.ARM.Collect$$libinit$$00000001) for __rt_lib_init_fp_1
    libinit.o(.ARM.Collect$$libinit$$00000000) refers (Special) to libinit2.o(.ARM.Collect$$libinit$$0000001F) for __rt_lib_init_fp_trap_1
    libinit.o(.ARM.Collect$$libinit$$00000000) refers (Special) to libinit2.o(.ARM.Collect$$libinit$$00000023) for __rt_lib_init_getenv_1
    libinit.o(.ARM.Collect$$libinit$$00000000) refers (Special) to libinit2.o(.ARM.Collect$$libinit$$0000000A) for __rt_lib_init_heap_1
    libinit.o(.ARM.Collect$$libinit$$00000000) refers (Special) to libinit2.o(.ARM.Collect$$libinit$$00000011) for __rt_lib_init_lc_collate_1
    libinit.o(.ARM.Collect$$libinit$$00000000) refers (Special) to libinit2.o(.ARM.Collect$$libinit$$00000013) for __rt_lib_init_lc_ctype_1
    libinit.o(.ARM.Collect$$libinit$$00000000) refers (Special) to libinit2.o(.ARM.Collect$$libinit$$00000015) for __rt_lib_init_lc_monetary_1
    libinit.o(.ARM.Collect$$libinit$$00000000) refers (Special) to libinit2.o(.ARM.Collect$$libinit$$00000017) for __rt_lib_init_lc_numeric_1
    libinit.o(.ARM.Collect$$libinit$$00000000) refers (Special) to libinit2.o(.ARM.Collect$$libinit$$00000019) for __rt_lib_init_lc_time_1
    libinit.o(.ARM.Collect$$libinit$$00000000) refers (Special) to libinit2.o(.ARM.Collect$$libinit$$00000004) for __rt_lib_init_preinit_1
    libinit.o(.ARM.Collect$$libinit$$00000000) refers (Special) to libinit2.o(.ARM.Collect$$libinit$$0000000E) for __rt_lib_init_rand_1
    libinit.o(.ARM.Collect$$libinit$$00000000) refers (Special) to libinit2.o(.ARM.Collect$$libinit$$00000033) for __rt_lib_init_return
    libinit.o(.ARM.Collect$$libinit$$00000000) refers (Special) to libinit2.o(.ARM.Collect$$libinit$$0000001D) for __rt_lib_init_signal_1
    libinit.o(.ARM.Collect$$libinit$$00000000) refers (Special) to libinit2.o(.ARM.Collect$$libinit$$00000025) for __rt_lib_init_stdio_1
    libinit.o(.ARM.Collect$$libinit$$00000000) refers (Special) to libinit2.o(.ARM.Collect$$libinit$$0000000C) for __rt_lib_init_user_alloc_1
    libspace.o(.text) refers to libspace.o(.bss) for __libspace_start
    rtexit.o(.ARM.Collect$$rtexit$$00000000) refers (Special) to rtexit2.o(.ARM.Collect$$rtexit$$00000004) for __rt_exit_exit
    rtexit.o(.ARM.Collect$$rtexit$$00000000) refers (Special) to rtexit2.o(.ARM.Collect$$rtexit$$00000003) for __rt_exit_ls
    rtexit.o(.ARM.Collect$$rtexit$$00000000) refers (Special) to rtexit2.o(.ARM.Collect$$rtexit$$00000002) for __rt_exit_prels_1
    rtexit.o(.ARM.exidx) refers (Special) to rtexit2.o(.ARM.Collect$$rtexit$$00000004) for __rt_exit_exit
    rtexit.o(.ARM.exidx) refers (Special) to rtexit2.o(.ARM.Collect$$rtexit$$00000003) for __rt_exit_ls
    rtexit.o(.ARM.exidx) refers (Special) to rtexit2.o(.ARM.Collect$$rtexit$$00000002) for __rt_exit_prels_1
    rtexit.o(.ARM.exidx) refers to rtexit.o(.ARM.Collect$$rtexit$$00000000) for .ARM.Collect$$rtexit$$00000000
    libinit2.o(.ARM.Collect$$libinit$$00000001) refers to fpinit.o(x$fpl$fpinit) for _fp_init
    libinit2.o(.ARM.Collect$$libinit$$00000010) refers to libinit2.o(.ARM.Collect$$libinit$$0000000F) for .ARM.Collect$$libinit$$0000000F
    libinit2.o(.ARM.Collect$$libinit$$00000012) refers to libinit2.o(.ARM.Collect$$libinit$$0000000F) for .ARM.Collect$$libinit$$0000000F
    libinit2.o(.ARM.Collect$$libinit$$00000014) refers to libinit2.o(.ARM.Collect$$libinit$$0000000F) for .ARM.Collect$$libinit$$0000000F
    libinit2.o(.ARM.Collect$$libinit$$00000016) refers to libinit2.o(.ARM.Collect$$libinit$$0000000F) for .ARM.Collect$$libinit$$0000000F
    libinit2.o(.ARM.Collect$$libinit$$00000018) refers to libinit2.o(.ARM.Collect$$libinit$$0000000F) for .ARM.Collect$$libinit$$0000000F
    libinit2.o(.ARM.Collect$$libinit$$00000026) refers to argv_veneer.o(.emb_text) for __ARM_argv_veneer
    libinit2.o(.ARM.Collect$$libinit$$00000027) refers to argv_veneer.o(.emb_text) for __ARM_argv_veneer
    rtexit2.o(.ARM.Collect$$rtexit$$00000003) refers to libshutdown.o(.ARM.Collect$$libshutdown$$00000000) for __rt_lib_shutdown
    rtexit2.o(.ARM.Collect$$rtexit$$00000004) refers to sys_exit.o(.text) for _sys_exit
    rtexit2.o(.ARM.exidx) refers to rtexit2.o(.ARM.Collect$$rtexit$$00000001) for .ARM.Collect$$rtexit$$00000001
    rtexit2.o(.ARM.exidx) refers to rtexit2.o(.ARM.Collect$$rtexit$$00000003) for .ARM.Collect$$rtexit$$00000003
    rtexit2.o(.ARM.exidx) refers to rtexit2.o(.ARM.Collect$$rtexit$$00000004) for .ARM.Collect$$rtexit$$00000004
    argv_veneer.o(.emb_text) refers to no_argv.o(.text) for __ARM_get_argv
    sys_exit.o(.text) refers (Special) to use_no_semi.o(.text) for __I$use$semihosting
    sys_exit.o(.text) refers (Special) to indicate_semi.o(.text) for __semihosting_library_function
    sys_exit_hlt.o(.text) refers (Special) to use_no_semi.o(.text) for __I$use$semihosting
    sys_exit_hlt.o(.text) refers (Special) to indicate_semi.o(.text) for __semihosting_library_function
    _get_argv_nomalloc.o(.text) refers (Special) to hrguard.o(.text) for __heap_region$guard
    _get_argv_nomalloc.o(.text) refers to defsig_rtmem_outer.o(.text) for __rt_SIGRTMEM
    _get_argv_nomalloc.o(.text) refers to sys_command.o(.text) for _sys_command_string
    libshutdown.o(.ARM.Collect$$libshutdown$$00000000) refers (Special) to libshutdown2.o(.ARM.Collect$$libshutdown$$00000002) for __rt_lib_shutdown_cpp_1
    libshutdown.o(.ARM.Collect$$libshutdown$$00000000) refers (Special) to libshutdown2.o(.ARM.Collect$$libshutdown$$00000007) for __rt_lib_shutdown_fp_trap_1
    libshutdown.o(.ARM.Collect$$libshutdown$$00000000) refers (Special) to libshutdown2.o(.ARM.Collect$$libshutdown$$0000000F) for __rt_lib_shutdown_heap_1
    libshutdown.o(.ARM.Collect$$libshutdown$$00000000) refers (Special) to libshutdown2.o(.ARM.Collect$$libshutdown$$00000010) for __rt_lib_shutdown_return
    libshutdown.o(.ARM.Collect$$libshutdown$$00000000) refers (Special) to libshutdown2.o(.ARM.Collect$$libshutdown$$0000000A) for __rt_lib_shutdown_signal_1
    libshutdown.o(.ARM.Collect$$libshutdown$$00000000) refers (Special) to libshutdown2.o(.ARM.Collect$$libshutdown$$00000004) for __rt_lib_shutdown_stdio_1
    libshutdown.o(.ARM.Collect$$libshutdown$$00000000) refers (Special) to libshutdown2.o(.ARM.Collect$$libshutdown$$0000000C) for __rt_lib_shutdown_user_alloc_1
    sys_command.o(.text) refers (Special) to use_no_semi.o(.text) for __I$use$semihosting
    sys_command.o(.text) refers (Special) to indicate_semi.o(.text) for __semihosting_library_function
    sys_command_hlt.o(.text) refers (Special) to use_no_semi.o(.text) for __I$use$semihosting
    sys_command_hlt.o(.text) refers (Special) to indicate_semi.o(.text) for __semihosting_library_function
    defsig_rtmem_outer.o(.text) refers to defsig_rtmem_inner.o(.text) for __rt_SIGRTMEM_inner
    defsig_rtmem_outer.o(.text) refers to defsig_exit.o(.text) for __sig_exit
    defsig_rtmem_formal.o(.text) refers to rt_raise.o(.text) for __rt_raise
    rt_raise.o(.text) refers to __raise.o(.text) for __raise
    rt_raise.o(.text) refers to sys_exit.o(.text) for _sys_exit
    defsig_exit.o(.text) refers to sys_exit.o(.text) for _sys_exit
    defsig_rtmem_inner.o(.text) refers to defsig_general.o(.text) for __default_signal_display
    __raise.o(.text) refers to defsig.o(CL$$defsig) for __default_signal_handler
    defsig_general.o(.text) refers to sys_wrch.o(.text) for _ttywrch
    sys_wrch.o(.text) refers (Special) to use_no_semi.o(.text) for __I$use$semihosting
    sys_wrch.o(.text) refers (Special) to indicate_semi.o(.text) for __semihosting_library_function
    sys_wrch_hlt.o(.text) refers (Special) to use_no_semi.o(.text) for __I$use$semihosting
    sys_wrch_hlt.o(.text) refers (Special) to indicate_semi.o(.text) for __semihosting_library_function
    defsig.o(CL$$defsig) refers to defsig_rtmem_inner.o(.text) for __rt_SIGRTMEM_inner
    defsig_abrt_inner.o(.text) refers to defsig_general.o(.text) for __default_signal_display
    defsig_fpe_inner.o(.text) refers to defsig_general.o(.text) for __default_signal_display
    defsig_rtred_inner.o(.text) refers to defsig_general.o(.text) for __default_signal_display
    defsig_stak_inner.o(.text) refers to defsig_general.o(.text) for __default_signal_display
    defsig_pvfn_inner.o(.text) refers to defsig_general.o(.text) for __default_signal_display
    defsig_cppl_inner.o(.text) refers to defsig_general.o(.text) for __default_signal_display
    defsig_segv_inner.o(.text) refers to defsig_general.o(.text) for __default_signal_display
    defsig_other.o(.text) refers to defsig_general.o(.text) for __default_signal_display


==============================================================================

Removing Unused input sections from the image.

    Removing trafic lights.o(.text), (0 bytes).
    Removing trafic lights.o(.ARM.exidx.text.main), (8 bytes).
    Removing trafic lights.o(.ARM.exidx.text.LCD_init), (8 bytes).
    Removing trafic lights.o(.ARM.exidx.text.LCD_HUD), (8 bytes).
    Removing trafic lights.o(.ARM.exidx.text.urbanTraffic), (8 bytes).
    Removing trafic lights.o(.ARM.exidx.text.ruralTraffic), (8 bytes).
    Removing trafic lights.o(.ARM.exidx.text.urbanTraffic_c), (8 bytes).
    Removing trafic lights.o(.ARM.exidx.text.ruralTraffic_c), (8 bytes).
    Removing trafic lights.o(.ARM.exidx.text.yEW_rNS), (8 bytes).
    Removing trafic lights.o(.ARM.exidx.text.yNS_rEW), (8 bytes).
    Removing trafic lights.o(.ARM.exidx.text.redRed), (8 bytes).
    Removing trafic lights.o(.ARM.exidx.text.delayMs), (8 bytes).
    Removing trafic lights.o(.ARM.exidx.text.LCD_command), (8 bytes).
    Removing trafic lights.o(.ARM.exidx.text.LCD_print), (8 bytes).
    Removing trafic lights.o(.ARM.exidx.text.LCD_data), (8 bytes).
    Removing trafic lights.o(.ARM.exidx.text.cursor_update), (8 bytes).
    Removing trafic lights.o(.ARM.exidx.text.crosswalk), (8 bytes).
    Removing trafic lights.o(.ARM.exidx.text.PORTS_init), (8 bytes).
    Removing trafic lights.o(.ARM.exidx.text.LCD_nibble_write), (8 bytes).
    Removing trafic lights.o(.ARM.exidx.text.__NVIC_EnableIRQ), (8 bytes).
    Removing trafic lights.o(.ARM.exidx.text.TIM2_IRQHandler), (8 bytes).
    Removing trafic lights.o(.ARM.exidx.text.EXTI2_IRQHandler), (8 bytes).
    Removing trafic lights.o(.ARM.exidx.text.EXTI3_IRQHandler), (8 bytes).
    Removing trafic lights.o(.ARM.use_no_argv), (4 bytes).
    Removing system_stm32f4xx.o(.text), (0 bytes).
    Removing system_stm32f4xx.o(.ARM.exidx.text.SystemInit), (8 bytes).
    Removing system_stm32f4xx.o(.text.SystemCoreClockUpdate), (126 bytes).
    Removing system_stm32f4xx.o(.ARM.exidx.text.SystemCoreClockUpdate), (8 bytes).
    Removing system_stm32f4xx.o(.data.SystemCoreClock), (4 bytes).
    Removing system_stm32f4xx.o(.rodata.AHBPrescTable), (16 bytes).
    Removing system_stm32f4xx.o(.rodata.APBPrescTable), (8 bytes).

31 unused section(s) (total 350 bytes) removed from the image.

==============================================================================

Image Symbol Table

    Local Symbols

    Symbol Name                              Value     Ov Type        Size  Object(Section)

    ../clib/angel/boardlib.s                 0x00000000   Number         0  boardinit1.o ABSOLUTE
    ../clib/angel/boardlib.s                 0x00000000   Number         0  boardinit2.o ABSOLUTE
    ../clib/angel/boardlib.s                 0x00000000   Number         0  boardinit3.o ABSOLUTE
    ../clib/angel/boardlib.s                 0x00000000   Number         0  boardshut.o ABSOLUTE
    ../clib/angel/handlers.s                 0x00000000   Number         0  __scatter_copy.o ABSOLUTE
    ../clib/angel/handlers.s                 0x00000000   Number         0  __scatter_zi.o ABSOLUTE
    ../clib/angel/kernel.s                   0x00000000   Number         0  __rtentry.o ABSOLUTE
    ../clib/angel/kernel.s                   0x00000000   Number         0  __rtentry2.o ABSOLUTE
    ../clib/angel/kernel.s                   0x00000000   Number         0  __rtentry4.o ABSOLUTE
    ../clib/angel/kernel.s                   0x00000000   Number         0  rtexit.o ABSOLUTE
    ../clib/angel/kernel.s                   0x00000000   Number         0  rtexit2.o ABSOLUTE
    ../clib/angel/rt.s                       0x00000000   Number         0  rt_raise.o ABSOLUTE
    ../clib/angel/scatter.s                  0x00000000   Number         0  __scatter.o ABSOLUTE
    ../clib/angel/startup.s                  0x00000000   Number         0  __main.o ABSOLUTE
    ../clib/angel/sys.s                      0x00000000   Number         0  sys_stackheap_outer.o ABSOLUTE
    ../clib/angel/sys.s                      0x00000000   Number         0  libspace.o ABSOLUTE
    ../clib/angel/sys.s                      0x00000000   Number         0  use_no_semi.o ABSOLUTE
    ../clib/angel/sys.s                      0x00000000   Number         0  indicate_semi.o ABSOLUTE
    ../clib/angel/sysapp.c                   0x00000000   Number         0  sys_exit.o ABSOLUTE
    ../clib/angel/sysapp.c                   0x00000000   Number         0  sys_exit_hlt.o ABSOLUTE
    ../clib/angel/sysapp.c                   0x00000000   Number         0  sys_command.o ABSOLUTE
    ../clib/angel/sysapp.c                   0x00000000   Number         0  sys_command_hlt.o ABSOLUTE
    ../clib/angel/sysapp.c                   0x00000000   Number         0  sys_wrch.o ABSOLUTE
    ../clib/angel/sysapp.c                   0x00000000   Number         0  sys_wrch_hlt.o ABSOLUTE
    ../clib/armsys.c                         0x00000000   Number         0  argv_veneer.o ABSOLUTE
    ../clib/armsys.c                         0x00000000   Number         0  argv_veneer.o ABSOLUTE
    ../clib/armsys.c                         0x00000000   Number         0  _get_argv_nomalloc.o ABSOLUTE
    ../clib/armsys.c                         0x00000000   Number         0  no_argv.o ABSOLUTE
    ../clib/heapalloc.c                      0x00000000   Number         0  hrguard.o ABSOLUTE
    ../clib/heapaux.c                        0x00000000   Number         0  heapauxi.o ABSOLUTE
    ../clib/libinit.s                        0x00000000   Number         0  libinit.o ABSOLUTE
    ../clib/libinit.s                        0x00000000   Number         0  libinit2.o ABSOLUTE
    ../clib/libinit.s                        0x00000000   Number         0  libshutdown.o ABSOLUTE
    ../clib/libinit.s                        0x00000000   Number         0  libshutdown2.o ABSOLUTE
    ../clib/signal.c                         0x00000000   Number         0  defsig_rtmem_outer.o ABSOLUTE
    ../clib/signal.c                         0x00000000   Number         0  defsig_rtmem_formal.o ABSOLUTE
    ../clib/signal.c                         0x00000000   Number         0  defsig_exit.o ABSOLUTE
    ../clib/signal.c                         0x00000000   Number         0  defsig_rtmem_inner.o ABSOLUTE
    ../clib/signal.c                         0x00000000   Number         0  __raise.o ABSOLUTE
    ../clib/signal.c                         0x00000000   Number         0  defsig_general.o ABSOLUTE
    ../clib/signal.c                         0x00000000   Number         0  defsig_abrt_inner.o ABSOLUTE
    ../clib/signal.c                         0x00000000   Number         0  defsig_fpe_inner.o ABSOLUTE
    ../clib/signal.c                         0x00000000   Number         0  defsig_rtred_inner.o ABSOLUTE
    ../clib/signal.c                         0x00000000   Number         0  defsig_stak_inner.o ABSOLUTE
    ../clib/signal.c                         0x00000000   Number         0  defsig_pvfn_inner.o ABSOLUTE
    ../clib/signal.c                         0x00000000   Number         0  defsig_cppl_inner.o ABSOLUTE
    ../clib/signal.c                         0x00000000   Number         0  defsig_segv_inner.o ABSOLUTE
    ../clib/signal.c                         0x00000000   Number         0  defsig_other.o ABSOLUTE
    ../clib/signal.s                         0x00000000   Number         0  defsig.o ABSOLUTE
    ../clib/stdlib.c                         0x00000000   Number         0  exit.o ABSOLUTE
    ../fplib/fpinit.s                        0x00000000   Number         0  fpinit.o ABSOLUTE
    RTE/Device/STM32F446RETx/startup_stm32f446xx.s 0x00000000   Number         0  startup_stm32f446xx.o ABSOLUTE
    dc.s                                     0x00000000   Number         0  dc.o ABSOLUTE
    system_stm32f4xx.c                       0x00000000   Number         0  system_stm32f4xx.o ABSOLUTE
    trafic lights.c                          0x00000000   Number         0  trafic lights.o ABSOLUTE
    RESET                                    0x08000000   Section      452  startup_stm32f446xx.o(RESET)
    !!!main                                  0x080001c4   Section        8  __main.o(!!!main)
    !!!scatter                               0x080001cc   Section       52  __scatter.o(!!!scatter)
    !!handler_copy                           0x08000200   Section       26  __scatter_copy.o(!!handler_copy)
    !!handler_zi                             0x0800021c   Section       28  __scatter_zi.o(!!handler_zi)
    .ARM.Collect$$libinit$$00000000          0x08000238   Section        2  libinit.o(.ARM.Collect$$libinit$$00000000)
    .ARM.Collect$$libinit$$00000001          0x0800023a   Section        4  libinit2.o(.ARM.Collect$$libinit$$00000001)
    .ARM.Collect$$libinit$$00000004          0x0800023e   Section        0  libinit2.o(.ARM.Collect$$libinit$$00000004)
    .ARM.Collect$$libinit$$0000000A          0x0800023e   Section        0  libinit2.o(.ARM.Collect$$libinit$$0000000A)
    .ARM.Collect$$libinit$$0000000C          0x0800023e   Section        0  libinit2.o(.ARM.Collect$$libinit$$0000000C)
    .ARM.Collect$$libinit$$0000000E          0x0800023e   Section        0  libinit2.o(.ARM.Collect$$libinit$$0000000E)
    .ARM.Collect$$libinit$$00000011          0x0800023e   Section        0  libinit2.o(.ARM.Collect$$libinit$$00000011)
    .ARM.Collect$$libinit$$00000013          0x0800023e   Section        0  libinit2.o(.ARM.Collect$$libinit$$00000013)
    .ARM.Collect$$libinit$$00000015          0x0800023e   Section        0  libinit2.o(.ARM.Collect$$libinit$$00000015)
    .ARM.Collect$$libinit$$00000017          0x0800023e   Section        0  libinit2.o(.ARM.Collect$$libinit$$00000017)
    .ARM.Collect$$libinit$$00000019          0x0800023e   Section        0  libinit2.o(.ARM.Collect$$libinit$$00000019)
    .ARM.Collect$$libinit$$0000001B          0x0800023e   Section        0  libinit2.o(.ARM.Collect$$libinit$$0000001B)
    .ARM.Collect$$libinit$$0000001D          0x0800023e   Section        0  libinit2.o(.ARM.Collect$$libinit$$0000001D)
    .ARM.Collect$$libinit$$0000001F          0x0800023e   Section        0  libinit2.o(.ARM.Collect$$libinit$$0000001F)
    .ARM.Collect$$libinit$$00000021          0x0800023e   Section        0  libinit2.o(.ARM.Collect$$libinit$$00000021)
    .ARM.Collect$$libinit$$00000023          0x0800023e   Section        0  libinit2.o(.ARM.Collect$$libinit$$00000023)
    .ARM.Collect$$libinit$$00000025          0x0800023e   Section        0  libinit2.o(.ARM.Collect$$libinit$$00000025)
    .ARM.Collect$$libinit$$0000002C          0x0800023e   Section        0  libinit2.o(.ARM.Collect$$libinit$$0000002C)
    .ARM.Collect$$libinit$$0000002E          0x0800023e   Section        0  libinit2.o(.ARM.Collect$$libinit$$0000002E)
    .ARM.Collect$$libinit$$00000030          0x0800023e   Section        0  libinit2.o(.ARM.Collect$$libinit$$00000030)
    .ARM.Collect$$libinit$$00000032          0x0800023e   Section        0  libinit2.o(.ARM.Collect$$libinit$$00000032)
    .ARM.Collect$$libinit$$00000033          0x0800023e   Section        2  libinit2.o(.ARM.Collect$$libinit$$00000033)
    .ARM.Collect$$libshutdown$$00000000      0x08000240   Section        2  libshutdown.o(.ARM.Collect$$libshutdown$$00000000)
    .ARM.Collect$$libshutdown$$00000002      0x08000242   Section        0  libshutdown2.o(.ARM.Collect$$libshutdown$$00000002)
    .ARM.Collect$$libshutdown$$00000004      0x08000242   Section        0  libshutdown2.o(.ARM.Collect$$libshutdown$$00000004)
    .ARM.Collect$$libshutdown$$00000007      0x08000242   Section        0  libshutdown2.o(.ARM.Collect$$libshutdown$$00000007)
    .ARM.Collect$$libshutdown$$0000000A      0x08000242   Section        0  libshutdown2.o(.ARM.Collect$$libshutdown$$0000000A)
    .ARM.Collect$$libshutdown$$0000000C      0x08000242   Section        0  libshutdown2.o(.ARM.Collect$$libshutdown$$0000000C)
    .ARM.Collect$$libshutdown$$0000000F      0x08000242   Section        0  libshutdown2.o(.ARM.Collect$$libshutdown$$0000000F)
    .ARM.Collect$$libshutdown$$00000010      0x08000242   Section        2  libshutdown2.o(.ARM.Collect$$libshutdown$$00000010)
    .ARM.Collect$$rtentry$$00000000          0x08000244   Section        0  __rtentry.o(.ARM.Collect$$rtentry$$00000000)
    .ARM.Collect$$rtentry$$00000002          0x08000244   Section        0  __rtentry2.o(.ARM.Collect$$rtentry$$00000002)
    .ARM.Collect$$rtentry$$00000004          0x08000244   Section        6  __rtentry4.o(.ARM.Collect$$rtentry$$00000004)
    .ARM.Collect$$rtentry$$00000009          0x0800024a   Section        0  __rtentry2.o(.ARM.Collect$$rtentry$$00000009)
    .ARM.Collect$$rtentry$$0000000A          0x0800024a   Section        4  __rtentry2.o(.ARM.Collect$$rtentry$$0000000A)
    .ARM.Collect$$rtentry$$0000000C          0x0800024e   Section        0  __rtentry2.o(.ARM.Collect$$rtentry$$0000000C)
    .ARM.Collect$$rtentry$$0000000D          0x0800024e   Section        8  __rtentry2.o(.ARM.Collect$$rtentry$$0000000D)
    .ARM.Collect$$rtexit$$00000000           0x08000256   Section        2  rtexit.o(.ARM.Collect$$rtexit$$00000000)
    .ARM.Collect$$rtexit$$00000002           0x08000258   Section        0  rtexit2.o(.ARM.Collect$$rtexit$$00000002)
    .ARM.Collect$$rtexit$$00000003           0x08000258   Section        4  rtexit2.o(.ARM.Collect$$rtexit$$00000003)
    .ARM.Collect$$rtexit$$00000004           0x0800025c   Section        6  rtexit2.o(.ARM.Collect$$rtexit$$00000004)
    $v0                                      0x08000264   Number         0  startup_stm32f446xx.o(.text)
    .text                                    0x08000264   Section       64  startup_stm32f446xx.o(.text)
    .text                                    0x080002a4   Section        0  heapauxi.o(.text)
    .text                                    0x080002aa   Section       74  sys_stackheap_outer.o(.text)
    .text                                    0x080002f4   Section        0  exit.o(.text)
    .text                                    0x08000308   Section        8  libspace.o(.text)
    .text                                    0x08000310   Section        0  sys_exit.o(.text)
    .text                                    0x0800031c   Section        2  use_no_semi.o(.text)
    .text                                    0x0800031e   Section        0  indicate_semi.o(.text)
    [Anonymous Symbol]                       0x08000320   Section        0  trafic lights.o(.text.EXTI2_IRQHandler)
    [Anonymous Symbol]                       0x08000358   Section        0  trafic lights.o(.text.EXTI3_IRQHandler)
    [Anonymous Symbol]                       0x08000390   Section        0  trafic lights.o(.text.LCD_HUD)
    [Anonymous Symbol]                       0x0800086c   Section        0  trafic lights.o(.text.LCD_command)
    [Anonymous Symbol]                       0x08000894   Section        0  trafic lights.o(.text.LCD_data)
    [Anonymous Symbol]                       0x080008b4   Section        0  trafic lights.o(.text.LCD_init)
    [Anonymous Symbol]                       0x08000914   Section        0  trafic lights.o(.text.LCD_nibble_write)
    [Anonymous Symbol]                       0x0800094c   Section        0  trafic lights.o(.text.LCD_print)
    [Anonymous Symbol]                       0x08000978   Section        0  trafic lights.o(.text.PORTS_init)
    [Anonymous Symbol]                       0x08000a68   Section        0  system_stm32f4xx.o(.text.SystemInit)
    [Anonymous Symbol]                       0x08000a84   Section        0  trafic lights.o(.text.TIM2_IRQHandler)
    __NVIC_EnableIRQ                         0x08000ae5   Thumb Code    22  trafic lights.o(.text.__NVIC_EnableIRQ)
    [Anonymous Symbol]                       0x08000ae4   Section        0  trafic lights.o(.text.__NVIC_EnableIRQ)
    [Anonymous Symbol]                       0x08000afc   Section        0  trafic lights.o(.text.crosswalk)
    [Anonymous Symbol]                       0x08000b64   Section        0  trafic lights.o(.text.cursor_update)
    [Anonymous Symbol]                       0x08000b9c   Section        0  trafic lights.o(.text.delayMs)
    [Anonymous Symbol]                       0x08000bd0   Section        0  trafic lights.o(.text.main)
    [Anonymous Symbol]                       0x08000ca8   Section        0  trafic lights.o(.text.redRed)
    [Anonymous Symbol]                       0x08000ccc   Section        0  trafic lights.o(.text.ruralTraffic)
    [Anonymous Symbol]                       0x08000d48   Section        0  trafic lights.o(.text.ruralTraffic_c)
    [Anonymous Symbol]                       0x08000e10   Section        0  trafic lights.o(.text.urbanTraffic)
    [Anonymous Symbol]                       0x08000e68   Section        0  trafic lights.o(.text.urbanTraffic_c)
    [Anonymous Symbol]                       0x08000f18   Section        0  trafic lights.o(.text.yEW_rNS)
    [Anonymous Symbol]                       0x08000f3c   Section        0  trafic lights.o(.text.yNS_rEW)
    $v0                                      0x08000f60   Number         0  fpinit.o(x$fpl$fpinit)
    x$fpl$fpinit                             0x08000f60   Section       26  fpinit.o(x$fpl$fpinit)
    G                                        0x20000000   Data           4  trafic lights.o(.data.G)
    [Anonymous Symbol]                       0x20000000   Section        0  trafic lights.o(.data.G)
    LCD_HUD.gy                               0x20000004   Data          12  trafic lights.o(.data.LCD_HUD.gy)
    [Anonymous Symbol]                       0x20000004   Section        0  trafic lights.o(.data.LCD_HUD.gy)
    LCD_HUD.mc                               0x20000010   Data          13  trafic lights.o(.data.LCD_HUD.mc)
    [Anonymous Symbol]                       0x20000010   Section        0  trafic lights.o(.data.LCD_HUD.mc)
    LCD_HUD.modec                            0x2000001d   Data           6  trafic lights.o(.data.LCD_HUD.modec)
    [Anonymous Symbol]                       0x2000001d   Section        0  trafic lights.o(.data.LCD_HUD.modec)
    LCD_HUD.modes                            0x20000023   Data          70  trafic lights.o(.data.LCD_HUD.modes)
    [Anonymous Symbol]                       0x20000023   Section        0  trafic lights.o(.data.LCD_HUD.modes)
    LCD_HUD.operations                       0x20000069   Data          36  trafic lights.o(.data.LCD_HUD.operations)
    [Anonymous Symbol]                       0x20000069   Section        0  trafic lights.o(.data.LCD_HUD.operations)
    LCD_HUD.p_back                           0x2000008d   Data           3  trafic lights.o(.data.LCD_HUD.p_back)
    [Anonymous Symbol]                       0x2000008d   Section        0  trafic lights.o(.data.LCD_HUD.p_back)
    LCD_HUD.p_front                          0x20000090   Data           3  trafic lights.o(.data.LCD_HUD.p_front)
    [Anonymous Symbol]                       0x20000090   Section        0  trafic lights.o(.data.LCD_HUD.p_front)
    LCD_HUD.td                               0x20000093   Data          12  trafic lights.o(.data.LCD_HUD.td)
    [Anonymous Symbol]                       0x20000093   Section        0  trafic lights.o(.data.LCD_HUD.td)
    LCD_HUD.tod                              0x2000009f   Data          18  trafic lights.o(.data.LCD_HUD.tod)
    [Anonymous Symbol]                       0x2000009f   Section        0  trafic lights.o(.data.LCD_HUD.tod)
    LCD_HUD.tod_count                        0x200000b1   Data          24  trafic lights.o(.data.LCD_HUD.tod_count)
    [Anonymous Symbol]                       0x200000b1   Section        0  trafic lights.o(.data.LCD_HUD.tod_count)
    LCD_HUD.tod_en                           0x200000c9   Data          16  trafic lights.o(.data.LCD_HUD.tod_en)
    [Anonymous Symbol]                       0x200000c9   Section        0  trafic lights.o(.data.LCD_HUD.tod_en)
    Y                                        0x200000dc   Data           4  trafic lights.o(.data.Y)
    [Anonymous Symbol]                       0x200000dc   Section        0  trafic lights.o(.data.Y)
    .bss                                     0x200000e0   Section       96  libspace.o(.bss)
    Ew_cross                                 0x20000140   Data           1  trafic lights.o(.bss.Ew_cross)
    [Anonymous Symbol]                       0x20000140   Section        0  trafic lights.o(.bss.Ew_cross)
    Ns_cross                                 0x20000144   Data           1  trafic lights.o(.bss.Ns_cross)
    [Anonymous Symbol]                       0x20000144   Section        0  trafic lights.o(.bss.Ns_cross)
    cursor                                   0x20000148   Data           4  trafic lights.o(.bss.cursor)
    [Anonymous Symbol]                       0x20000148   Section        0  trafic lights.o(.bss.cursor)
    mode                                     0x2000014c   Data           4  trafic lights.o(.bss.mode)
    [Anonymous Symbol]                       0x2000014c   Section        0  trafic lights.o(.bss.mode)
    mode_1                                   0x20000150   Data           4  trafic lights.o(.bss.mode_1)
    [Anonymous Symbol]                       0x20000150   Section        0  trafic lights.o(.bss.mode_1)
    mode_2                                   0x20000154   Data           4  trafic lights.o(.bss.mode_2)
    [Anonymous Symbol]                       0x20000154   Section        0  trafic lights.o(.bss.mode_2)
    stage                                    0x20000158   Data           4  trafic lights.o(.bss.stage)
    [Anonymous Symbol]                       0x20000158   Section        0  trafic lights.o(.bss.stage)
    step                                     0x2000015c   Data           4  trafic lights.o(.bss.step)
    [Anonymous Symbol]                       0x2000015c   Section        0  trafic lights.o(.bss.step)
    tod_enable                               0x20000160   Data           1  trafic lights.o(.bss.tod_enable)
    [Anonymous Symbol]                       0x20000160   Section        0  trafic lights.o(.bss.tod_enable)
    Heap_Mem                                 0x20000168   Data         512  startup_stm32f446xx.o(HEAP)
    HEAP                                     0x20000168   Section      512  startup_stm32f446xx.o(HEAP)
    Stack_Mem                                0x20000368   Data        1024  startup_stm32f446xx.o(STACK)
    STACK                                    0x20000368   Section     1024  startup_stm32f446xx.o(STACK)
    __initial_sp                             0x20000768   Data           0  startup_stm32f446xx.o(STACK)

    Global Symbols

    Symbol Name                              Value     Ov Type        Size  Object(Section)

    BuildAttributes$$THM_ISAv4$E$P$D$K$B$S$7EM$VFPi3$EXTD16$VFPS$VFMA$PE$A:L22UL41UL21$X:L11$S22US41US21$IEEE1$IW$~IW$USESV6$~STKCKD$USESV7$~SHL$OTIME$ROPI$EBA8$UX$STANDARDLIB$REQ8$PRES8$EABIv2 0x00000000   Number         0  anon$$obj.o ABSOLUTE
    __ARM_exceptions_init                     - Undefined Weak Reference
    __alloca_initialize                       - Undefined Weak Reference
    __arm_preinit_                            - Undefined Weak Reference
    __cpp_initialize__aeabi_                  - Undefined Weak Reference
    __cxa_finalize                            - Undefined Weak Reference
    __rt_locale                               - Undefined Weak Reference
    __sigvec_lookup                           - Undefined Weak Reference
    _atexit_init                              - Undefined Weak Reference
    _call_atexit_fns                          - Undefined Weak Reference
    _clock_init                               - Undefined Weak Reference
    _fp_trap_init                             - Undefined Weak Reference
    _fp_trap_shutdown                         - Undefined Weak Reference
    _get_lc_collate                           - Undefined Weak Reference
    _get_lc_ctype                             - Undefined Weak Reference
    _get_lc_monetary                          - Undefined Weak Reference
    _get_lc_numeric                           - Undefined Weak Reference
    _get_lc_time                              - Undefined Weak Reference
    _getenv_init                              - Undefined Weak Reference
    _handle_redirection                       - Undefined Weak Reference
    _init_alloc                               - Undefined Weak Reference
    _init_user_alloc                          - Undefined Weak Reference
    _initio                                   - Undefined Weak Reference
    _rand_init                                - Undefined Weak Reference
    _signal_finish                            - Undefined Weak Reference
    _signal_init                              - Undefined Weak Reference
    _terminate_alloc                          - Undefined Weak Reference
    _terminate_user_alloc                     - Undefined Weak Reference
    _terminateio                              - Undefined Weak Reference
    __Vectors_Size                           0x000001c4   Number         0  startup_stm32f446xx.o ABSOLUTE
    __Vectors                                0x08000000   Data           4  startup_stm32f446xx.o(RESET)
    __Vectors_End                            0x080001c4   Data           0  startup_stm32f446xx.o(RESET)
    __main                                   0x080001c5   Thumb Code     8  __main.o(!!!main)
    __scatterload                            0x080001cd   Thumb Code     0  __scatter.o(!!!scatter)
    __scatterload_rt2                        0x080001cd   Thumb Code    44  __scatter.o(!!!scatter)
    __scatterload_rt2_thumb_only             0x080001cd   Thumb Code     0  __scatter.o(!!!scatter)
    __scatterload_null                       0x080001db   Thumb Code     0  __scatter.o(!!!scatter)
    __scatterload_copy                       0x08000201   Thumb Code    26  __scatter_copy.o(!!handler_copy)
    __scatterload_zeroinit                   0x0800021d   Thumb Code    28  __scatter_zi.o(!!handler_zi)
    __rt_lib_init                            0x08000239   Thumb Code     0  libinit.o(.ARM.Collect$$libinit$$00000000)
    __rt_lib_init_fp_1                       0x0800023b   Thumb Code     0  libinit2.o(.ARM.Collect$$libinit$$00000001)
    __rt_lib_init_alloca_1                   0x0800023f   Thumb Code     0  libinit2.o(.ARM.Collect$$libinit$$0000002E)
    __rt_lib_init_argv_1                     0x0800023f   Thumb Code     0  libinit2.o(.ARM.Collect$$libinit$$0000002C)
    __rt_lib_init_atexit_1                   0x0800023f   Thumb Code     0  libinit2.o(.ARM.Collect$$libinit$$0000001B)
    __rt_lib_init_clock_1                    0x0800023f   Thumb Code     0  libinit2.o(.ARM.Collect$$libinit$$00000021)
    __rt_lib_init_cpp_1                      0x0800023f   Thumb Code     0  libinit2.o(.ARM.Collect$$libinit$$00000032)
    __rt_lib_init_exceptions_1               0x0800023f   Thumb Code     0  libinit2.o(.ARM.Collect$$libinit$$00000030)
    __rt_lib_init_fp_trap_1                  0x0800023f   Thumb Code     0  libinit2.o(.ARM.Collect$$libinit$$0000001F)
    __rt_lib_init_getenv_1                   0x0800023f   Thumb Code     0  libinit2.o(.ARM.Collect$$libinit$$00000023)
    __rt_lib_init_heap_1                     0x0800023f   Thumb Code     0  libinit2.o(.ARM.Collect$$libinit$$0000000A)
    __rt_lib_init_lc_collate_1               0x0800023f   Thumb Code     0  libinit2.o(.ARM.Collect$$libinit$$00000011)
    __rt_lib_init_lc_ctype_1                 0x0800023f   Thumb Code     0  libinit2.o(.ARM.Collect$$libinit$$00000013)
    __rt_lib_init_lc_monetary_1              0x0800023f   Thumb Code     0  libinit2.o(.ARM.Collect$$libinit$$00000015)
    __rt_lib_init_lc_numeric_1               0x0800023f   Thumb Code     0  libinit2.o(.ARM.Collect$$libinit$$00000017)
    __rt_lib_init_lc_time_1                  0x0800023f   Thumb Code     0  libinit2.o(.ARM.Collect$$libinit$$00000019)
    __rt_lib_init_preinit_1                  0x0800023f   Thumb Code     0  libinit2.o(.ARM.Collect$$libinit$$00000004)
    __rt_lib_init_rand_1                     0x0800023f   Thumb Code     0  libinit2.o(.ARM.Collect$$libinit$$0000000E)
    __rt_lib_init_return                     0x0800023f   Thumb Code     0  libinit2.o(.ARM.Collect$$libinit$$00000033)
    __rt_lib_init_signal_1                   0x0800023f   Thumb Code     0  libinit2.o(.ARM.Collect$$libinit$$0000001D)
    __rt_lib_init_stdio_1                    0x0800023f   Thumb Code     0  libinit2.o(.ARM.Collect$$libinit$$00000025)
    __rt_lib_init_user_alloc_1               0x0800023f   Thumb Code     0  libinit2.o(.ARM.Collect$$libinit$$0000000C)
    __rt_lib_shutdown                        0x08000241   Thumb Code     0  libshutdown.o(.ARM.Collect$$libshutdown$$00000000)
    __rt_lib_shutdown_cpp_1                  0x08000243   Thumb Code     0  libshutdown2.o(.ARM.Collect$$libshutdown$$00000002)
    __rt_lib_shutdown_fp_trap_1              0x08000243   Thumb Code     0  libshutdown2.o(.ARM.Collect$$libshutdown$$00000007)
    __rt_lib_shutdown_heap_1                 0x08000243   Thumb Code     0  libshutdown2.o(.ARM.Collect$$libshutdown$$0000000F)
    __rt_lib_shutdown_return                 0x08000243   Thumb Code     0  libshutdown2.o(.ARM.Collect$$libshutdown$$00000010)
    __rt_lib_shutdown_signal_1               0x08000243   Thumb Code     0  libshutdown2.o(.ARM.Collect$$libshutdown$$0000000A)
    __rt_lib_shutdown_stdio_1                0x08000243   Thumb Code     0  libshutdown2.o(.ARM.Collect$$libshutdown$$00000004)
    __rt_lib_shutdown_user_alloc_1           0x08000243   Thumb Code     0  libshutdown2.o(.ARM.Collect$$libshutdown$$0000000C)
    __rt_entry                               0x08000245   Thumb Code     0  __rtentry.o(.ARM.Collect$$rtentry$$00000000)
    __rt_entry_presh_1                       0x08000245   Thumb Code     0  __rtentry2.o(.ARM.Collect$$rtentry$$00000002)
    __rt_entry_sh                            0x08000245   Thumb Code     0  __rtentry4.o(.ARM.Collect$$rtentry$$00000004)
    __rt_entry_li                            0x0800024b   Thumb Code     0  __rtentry2.o(.ARM.Collect$$rtentry$$0000000A)
    __rt_entry_postsh_1                      0x0800024b   Thumb Code     0  __rtentry2.o(.ARM.Collect$$rtentry$$00000009)
    __rt_entry_main                          0x0800024f   Thumb Code     0  __rtentry2.o(.ARM.Collect$$rtentry$$0000000D)
    __rt_entry_postli_1                      0x0800024f   Thumb Code     0  __rtentry2.o(.ARM.Collect$$rtentry$$0000000C)
    __rt_exit                                0x08000257   Thumb Code     0  rtexit.o(.ARM.Collect$$rtexit$$00000000)
    __rt_exit_ls                             0x08000259   Thumb Code     0  rtexit2.o(.ARM.Collect$$rtexit$$00000003)
    __rt_exit_prels_1                        0x08000259   Thumb Code     0  rtexit2.o(.ARM.Collect$$rtexit$$00000002)
    __rt_exit_exit                           0x0800025d   Thumb Code     0  rtexit2.o(.ARM.Collect$$rtexit$$00000004)
    Reset_Handler                            0x08000265   Thumb Code     8  startup_stm32f446xx.o(.text)
    NMI_Handler                              0x0800026d   Thumb Code     2  startup_stm32f446xx.o(.text)
    HardFault_Handler                        0x0800026f   Thumb Code     2  startup_stm32f446xx.o(.text)
    MemManage_Handler                        0x08000271   Thumb Code     2  startup_stm32f446xx.o(.text)
    BusFault_Handler                         0x08000273   Thumb Code     2  startup_stm32f446xx.o(.text)
    UsageFault_Handler                       0x08000275   Thumb Code     2  startup_stm32f446xx.o(.text)
    SVC_Handler                              0x08000277   Thumb Code     2  startup_stm32f446xx.o(.text)
    DebugMon_Handler                         0x08000279   Thumb Code     2  startup_stm32f446xx.o(.text)
    PendSV_Handler                           0x0800027b   Thumb Code     2  startup_stm32f446xx.o(.text)
    SysTick_Handler                          0x0800027d   Thumb Code     2  startup_stm32f446xx.o(.text)
    ADC_IRQHandler                           0x0800027f   Thumb Code     0  startup_stm32f446xx.o(.text)
    CAN1_RX0_IRQHandler                      0x0800027f   Thumb Code     0  startup_stm32f446xx.o(.text)
    CAN1_RX1_IRQHandler                      0x0800027f   Thumb Code     0  startup_stm32f446xx.o(.text)
    CAN1_SCE_IRQHandler                      0x0800027f   Thumb Code     0  startup_stm32f446xx.o(.text)
    CAN1_TX_IRQHandler                       0x0800027f   Thumb Code     0  startup_stm32f446xx.o(.text)
    CAN2_RX0_IRQHandler                      0x0800027f   Thumb Code     0  startup_stm32f446xx.o(.text)
    CAN2_RX1_IRQHandler                      0x0800027f   Thumb Code     0  startup_stm32f446xx.o(.text)
    CAN2_SCE_IRQHandler                      0x0800027f   Thumb Code     0  startup_stm32f446xx.o(.text)
    CAN2_TX_IRQHandler                       0x0800027f   Thumb Code     0  startup_stm32f446xx.o(.text)
    CEC_IRQHandler                           0x0800027f   Thumb Code     0  startup_stm32f446xx.o(.text)
    DCMI_IRQHandler                          0x0800027f   Thumb Code     0  startup_stm32f446xx.o(.text)
    DMA1_Stream0_IRQHandler                  0x0800027f   Thumb Code     0  startup_stm32f446xx.o(.text)
    DMA1_Stream1_IRQHandler                  0x0800027f   Thumb Code     0  startup_stm32f446xx.o(.text)
    DMA1_Stream2_IRQHandler                  0x0800027f   Thumb Code     0  startup_stm32f446xx.o(.text)
    DMA1_Stream3_IRQHandler                  0x0800027f   Thumb Code     0  startup_stm32f446xx.o(.text)
    DMA1_Stream4_IRQHandler                  0x0800027f   Thumb Code     0  startup_stm32f446xx.o(.text)
    DMA1_Stream5_IRQHandler                  0x0800027f   Thumb Code     0  startup_stm32f446xx.o(.text)
    DMA1_Stream6_IRQHandler                  0x0800027f   Thumb Code     0  startup_stm32f446xx.o(.text)
    DMA1_Stream7_IRQHandler                  0x0800027f   Thumb Code     0  startup_stm32f446xx.o(.text)
    DMA2_Stream0_IRQHandler                  0x0800027f   Thumb Code     0  startup_stm32f446xx.o(.text)
    DMA2_Stream1_IRQHandler                  0x0800027f   Thumb Code     0  startup_stm32f446xx.o(.text)
    DMA2_Stream2_IRQHandler                  0x0800027f   Thumb Code     0  startup_stm32f446xx.o(.text)
    DMA2_Stream3_IRQHandler                  0x0800027f   Thumb Code     0  startup_stm32f446xx.o(.text)
    DMA2_Stream4_IRQHandler                  0x0800027f   Thumb Code     0  startup_stm32f446xx.o(.text)
    DMA2_Stream5_IRQHandler                  0x0800027f   Thumb Code     0  startup_stm32f446xx.o(.text)
    DMA2_Stream6_IRQHandler                  0x0800027f   Thumb Code     0  startup_stm32f446xx.o(.text)
    DMA2_Stream7_IRQHandler                  0x0800027f   Thumb Code     0  startup_stm32f446xx.o(.text)
    EXTI0_IRQHandler                         0x0800027f   Thumb Code     0  startup_stm32f446xx.o(.text)
    EXTI15_10_IRQHandler                     0x0800027f   Thumb Code     0  startup_stm32f446xx.o(.text)
    EXTI1_IRQHandler                         0x0800027f   Thumb Code     0  startup_stm32f446xx.o(.text)
    EXTI4_IRQHandler                         0x0800027f   Thumb Code     0  startup_stm32f446xx.o(.text)
    EXTI9_5_IRQHandler                       0x0800027f   Thumb Code     0  startup_stm32f446xx.o(.text)
    FLASH_IRQHandler                         0x0800027f   Thumb Code     0  startup_stm32f446xx.o(.text)
    FMC_IRQHandler                           0x0800027f   Thumb Code     0  startup_stm32f446xx.o(.text)
    FMPI2C1_ER_IRQHandler                    0x0800027f   Thumb Code     0  startup_stm32f446xx.o(.text)
    FMPI2C1_EV_IRQHandler                    0x0800027f   Thumb Code     0  startup_stm32f446xx.o(.text)
    FPU_IRQHandler                           0x0800027f   Thumb Code     0  startup_stm32f446xx.o(.text)
    I2C1_ER_IRQHandler                       0x0800027f   Thumb Code     0  startup_stm32f446xx.o(.text)
    I2C1_EV_IRQHandler                       0x0800027f   Thumb Code     0  startup_stm32f446xx.o(.text)
    I2C2_ER_IRQHandler                       0x0800027f   Thumb Code     0  startup_stm32f446xx.o(.text)
    I2C2_EV_IRQHandler                       0x0800027f   Thumb Code     0  startup_stm32f446xx.o(.text)
    I2C3_ER_IRQHandler                       0x0800027f   Thumb Code     0  startup_stm32f446xx.o(.text)
    I2C3_EV_IRQHandler                       0x0800027f   Thumb Code     0  startup_stm32f446xx.o(.text)
    OTG_FS_IRQHandler                        0x0800027f   Thumb Code     0  startup_stm32f446xx.o(.text)
    OTG_FS_WKUP_IRQHandler                   0x0800027f   Thumb Code     0  startup_stm32f446xx.o(.text)
    OTG_HS_EP1_IN_IRQHandler                 0x0800027f   Thumb Code     0  startup_stm32f446xx.o(.text)
    OTG_HS_EP1_OUT_IRQHandler                0x0800027f   Thumb Code     0  startup_stm32f446xx.o(.text)
    OTG_HS_IRQHandler                        0x0800027f   Thumb Code     0  startup_stm32f446xx.o(.text)
    OTG_HS_WKUP_IRQHandler                   0x0800027f   Thumb Code     0  startup_stm32f446xx.o(.text)
    PVD_IRQHandler                           0x0800027f   Thumb Code     0  startup_stm32f446xx.o(.text)
    QUADSPI_IRQHandler                       0x0800027f   Thumb Code     0  startup_stm32f446xx.o(.text)
    RCC_IRQHandler                           0x0800027f   Thumb Code     0  startup_stm32f446xx.o(.text)
    RTC_Alarm_IRQHandler                     0x0800027f   Thumb Code     0  startup_stm32f446xx.o(.text)
    RTC_WKUP_IRQHandler                      0x0800027f   Thumb Code     0  startup_stm32f446xx.o(.text)
    SAI1_IRQHandler                          0x0800027f   Thumb Code     0  startup_stm32f446xx.o(.text)
    SAI2_IRQHandler                          0x0800027f   Thumb Code     0  startup_stm32f446xx.o(.text)
    SDIO_IRQHandler                          0x0800027f   Thumb Code     0  startup_stm32f446xx.o(.text)
    SPDIF_RX_IRQHandler                      0x0800027f   Thumb Code     0  startup_stm32f446xx.o(.text)
    SPI1_IRQHandler                          0x0800027f   Thumb Code     0  startup_stm32f446xx.o(.text)
    SPI2_IRQHandler                          0x0800027f   Thumb Code     0  startup_stm32f446xx.o(.text)
    SPI3_IRQHandler                          0x0800027f   Thumb Code     0  startup_stm32f446xx.o(.text)
    SPI4_IRQHandler                          0x0800027f   Thumb Code     0  startup_stm32f446xx.o(.text)
    TAMP_STAMP_IRQHandler                    0x0800027f   Thumb Code     0  startup_stm32f446xx.o(.text)
    TIM1_BRK_TIM9_IRQHandler                 0x0800027f   Thumb Code     0  startup_stm32f446xx.o(.text)
    TIM1_CC_IRQHandler                       0x0800027f   Thumb Code     0  startup_stm32f446xx.o(.text)
    TIM1_TRG_COM_TIM11_IRQHandler            0x0800027f   Thumb Code     0  startup_stm32f446xx.o(.text)
    TIM1_UP_TIM10_IRQHandler                 0x0800027f   Thumb Code     0  startup_stm32f446xx.o(.text)
    TIM3_IRQHandler                          0x0800027f   Thumb Code     0  startup_stm32f446xx.o(.text)
    TIM4_IRQHandler                          0x0800027f   Thumb Code     0  startup_stm32f446xx.o(.text)
    TIM5_IRQHandler                          0x0800027f   Thumb Code     0  startup_stm32f446xx.o(.text)
    TIM6_DAC_IRQHandler                      0x0800027f   Thumb Code     0  startup_stm32f446xx.o(.text)
    TIM7_IRQHandler                          0x0800027f   Thumb Code     0  startup_stm32f446xx.o(.text)
    TIM8_BRK_TIM12_IRQHandler                0x0800027f   Thumb Code     0  startup_stm32f446xx.o(.text)
    TIM8_CC_IRQHandler                       0x0800027f   Thumb Code     0  startup_stm32f446xx.o(.text)
    TIM8_TRG_COM_TIM14_IRQHandler            0x0800027f   Thumb Code     0  startup_stm32f446xx.o(.text)
    TIM8_UP_TIM13_IRQHandler                 0x0800027f   Thumb Code     0  startup_stm32f446xx.o(.text)
    UART4_IRQHandler                         0x0800027f   Thumb Code     0  startup_stm32f446xx.o(.text)
    UART5_IRQHandler                         0x0800027f   Thumb Code     0  startup_stm32f446xx.o(.text)
    USART1_IRQHandler                        0x0800027f   Thumb Code     0  startup_stm32f446xx.o(.text)
    USART2_IRQHandler                        0x0800027f   Thumb Code     0  startup_stm32f446xx.o(.text)
    USART3_IRQHandler                        0x0800027f   Thumb Code     0  startup_stm32f446xx.o(.text)
    USART6_IRQHandler                        0x0800027f   Thumb Code     0  startup_stm32f446xx.o(.text)
    WWDG_IRQHandler                          0x0800027f   Thumb Code     0  startup_stm32f446xx.o(.text)
    __user_initial_stackheap                 0x08000281   Thumb Code     0  startup_stm32f446xx.o(.text)
    __use_two_region_memory                  0x080002a5   Thumb Code     2  heapauxi.o(.text)
    __rt_heap_escrow$2region                 0x080002a7   Thumb Code     2  heapauxi.o(.text)
    __rt_heap_expand$2region                 0x080002a9   Thumb Code     2  heapauxi.o(.text)
    __user_setup_stackheap                   0x080002ab   Thumb Code    74  sys_stackheap_outer.o(.text)
    exit                                     0x080002f5   Thumb Code    18  exit.o(.text)
    __user_libspace                          0x08000309   Thumb Code     8  libspace.o(.text)
    __user_perproc_libspace                  0x08000309   Thumb Code     0  libspace.o(.text)
    __user_perthread_libspace                0x08000309   Thumb Code     0  libspace.o(.text)
    _sys_exit                                0x08000311   Thumb Code     8  sys_exit.o(.text)
    __I$use$semihosting                      0x0800031d   Thumb Code     0  use_no_semi.o(.text)
    __use_no_semihosting_swi                 0x0800031d   Thumb Code     2  use_no_semi.o(.text)
    __semihosting_library_function           0x0800031f   Thumb Code     0  indicate_semi.o(.text)
    EXTI2_IRQHandler                         0x08000321   Thumb Code    56  trafic lights.o(.text.EXTI2_IRQHandler)
    EXTI3_IRQHandler                         0x08000359   Thumb Code    56  trafic lights.o(.text.EXTI3_IRQHandler)
    LCD_HUD                                  0x08000391   Thumb Code  1242  trafic lights.o(.text.LCD_HUD)
    LCD_command                              0x0800086d   Thumb Code    38  trafic lights.o(.text.LCD_command)
    LCD_data                                 0x08000895   Thumb Code    32  trafic lights.o(.text.LCD_data)
    LCD_init                                 0x080008b5   Thumb Code    94  trafic lights.o(.text.LCD_init)
    LCD_nibble_write                         0x08000915   Thumb Code    56  trafic lights.o(.text.LCD_nibble_write)
    LCD_print                                0x0800094d   Thumb Code    44  trafic lights.o(.text.LCD_print)
    PORTS_init                               0x08000979   Thumb Code   238  trafic lights.o(.text.PORTS_init)
    SystemInit                               0x08000a69   Thumb Code    26  system_stm32f4xx.o(.text.SystemInit)
    TIM2_IRQHandler                          0x08000a85   Thumb Code    94  trafic lights.o(.text.TIM2_IRQHandler)
    crosswalk                                0x08000afd   Thumb Code   104  trafic lights.o(.text.crosswalk)
    cursor_update                            0x08000b65   Thumb Code    54  trafic lights.o(.text.cursor_update)
    delayMs                                  0x08000b9d   Thumb Code    50  trafic lights.o(.text.delayMs)
    main                                     0x08000bd1   Thumb Code   214  trafic lights.o(.text.main)
    redRed                                   0x08000ca9   Thumb Code    36  trafic lights.o(.text.redRed)
    ruralTraffic                             0x08000ccd   Thumb Code   124  trafic lights.o(.text.ruralTraffic)
    ruralTraffic_c                           0x08000d49   Thumb Code   200  trafic lights.o(.text.ruralTraffic_c)
    urbanTraffic                             0x08000e11   Thumb Code    88  trafic lights.o(.text.urbanTraffic)
    urbanTraffic_c                           0x08000e69   Thumb Code   174  trafic lights.o(.text.urbanTraffic_c)
    yEW_rNS                                  0x08000f19   Thumb Code    36  trafic lights.o(.text.yEW_rNS)
    yNS_rEW                                  0x08000f3d   Thumb Code    36  trafic lights.o(.text.yNS_rEW)
    _fp_init                                 0x08000f61   Thumb Code    26  fpinit.o(x$fpl$fpinit)
    __fplib_config_fpu_vfp                   0x08000f79   Thumb Code     0  fpinit.o(x$fpl$fpinit)
    __fplib_config_pureend_doubles           0x08000f79   Thumb Code     0  fpinit.o(x$fpl$fpinit)
    Region$$Table$$Base                      0x08000f7c   Number         0  anon$$obj.o(Region$$Table)
    Region$$Table$$Limit                     0x08000f9c   Number         0  anon$$obj.o(Region$$Table)
    __libspace_start                         0x200000e0   Data          96  libspace.o(.bss)
    __temporary_stack_top$libspace           0x20000140   Data           0  libspace.o(.bss)



==============================================================================

Memory Map of the image

  Image Entry point : 0x08000265

  Load Region LR_1 (Base: 0x08000000, Size: 0x0000107c, Max: 0xffffffff, ABSOLUTE)

    Execution Region ER_RO (Exec base: 0x08000000, Load base: 0x08000000, Size: 0x00000f9c, Max: 0xffffffff, ABSOLUTE)

    Exec Addr    Load Addr    Size         Type   Attr      Idx    E Section Name        Object

    0x08000000   0x08000000   0x000001c4   Data   RO           78    RESET               startup_stm32f446xx.o
    0x080001c4   0x080001c4   0x00000008   Code   RO          104  * !!!main             c_w.l(__main.o)
    0x080001cc   0x080001cc   0x00000034   Code   RO          267    !!!scatter          c_w.l(__scatter.o)
    0x08000200   0x08000200   0x0000001a   Code   RO          269    !!handler_copy      c_w.l(__scatter_copy.o)
    0x0800021a   0x0800021a   0x00000002   PAD
    0x0800021c   0x0800021c   0x0000001c   Code   RO          271    !!handler_zi        c_w.l(__scatter_zi.o)
    0x08000238   0x08000238   0x00000002   Code   RO          131    .ARM.Collect$$libinit$$00000000  c_w.l(libinit.o)
    0x0800023a   0x0800023a   0x00000004   Code   RO          137    .ARM.Collect$$libinit$$00000001  c_w.l(libinit2.o)
    0x0800023e   0x0800023e   0x00000000   Code   RO          140    .ARM.Collect$$libinit$$00000004  c_w.l(libinit2.o)
    0x0800023e   0x0800023e   0x00000000   Code   RO          143    .ARM.Collect$$libinit$$0000000A  c_w.l(libinit2.o)
    0x0800023e   0x0800023e   0x00000000   Code   RO          145    .ARM.Collect$$libinit$$0000000C  c_w.l(libinit2.o)
    0x0800023e   0x0800023e   0x00000000   Code   RO          147    .ARM.Collect$$libinit$$0000000E  c_w.l(libinit2.o)
    0x0800023e   0x0800023e   0x00000000   Code   RO          150    .ARM.Collect$$libinit$$00000011  c_w.l(libinit2.o)
    0x0800023e   0x0800023e   0x00000000   Code   RO          152    .ARM.Collect$$libinit$$00000013  c_w.l(libinit2.o)
    0x0800023e   0x0800023e   0x00000000   Code   RO          154    .ARM.Collect$$libinit$$00000015  c_w.l(libinit2.o)
    0x0800023e   0x0800023e   0x00000000   Code   RO          156    .ARM.Collect$$libinit$$00000017  c_w.l(libinit2.o)
    0x0800023e   0x0800023e   0x00000000   Code   RO          158    .ARM.Collect$$libinit$$00000019  c_w.l(libinit2.o)
    0x0800023e   0x0800023e   0x00000000   Code   RO          160    .ARM.Collect$$libinit$$0000001B  c_w.l(libinit2.o)
    0x0800023e   0x0800023e   0x00000000   Code   RO          162    .ARM.Collect$$libinit$$0000001D  c_w.l(libinit2.o)
    0x0800023e   0x0800023e   0x00000000   Code   RO          164    .ARM.Collect$$libinit$$0000001F  c_w.l(libinit2.o)
    0x0800023e   0x0800023e   0x00000000   Code   RO          166    .ARM.Collect$$libinit$$00000021  c_w.l(libinit2.o)
    0x0800023e   0x0800023e   0x00000000   Code   RO          168    .ARM.Collect$$libinit$$00000023  c_w.l(libinit2.o)
    0x0800023e   0x0800023e   0x00000000   Code   RO          170    .ARM.Collect$$libinit$$00000025  c_w.l(libinit2.o)
    0x0800023e   0x0800023e   0x00000000   Code   RO          174    .ARM.Collect$$libinit$$0000002C  c_w.l(libinit2.o)
    0x0800023e   0x0800023e   0x00000000   Code   RO          176    .ARM.Collect$$libinit$$0000002E  c_w.l(libinit2.o)
    0x0800023e   0x0800023e   0x00000000   Code   RO          178    .ARM.Collect$$libinit$$00000030  c_w.l(libinit2.o)
    0x0800023e   0x0800023e   0x00000000   Code   RO          180    .ARM.Collect$$libinit$$00000032  c_w.l(libinit2.o)
    0x0800023e   0x0800023e   0x00000002   Code   RO          181    .ARM.Collect$$libinit$$00000033  c_w.l(libinit2.o)
    0x08000240   0x08000240   0x00000002   Code   RO          203    .ARM.Collect$$libshutdown$$00000000  c_w.l(libshutdown.o)
    0x08000242   0x08000242   0x00000000   Code   RO          218    .ARM.Collect$$libshutdown$$00000002  c_w.l(libshutdown2.o)
    0x08000242   0x08000242   0x00000000   Code   RO          220    .ARM.Collect$$libshutdown$$00000004  c_w.l(libshutdown2.o)
    0x08000242   0x08000242   0x00000000   Code   RO          223    .ARM.Collect$$libshutdown$$00000007  c_w.l(libshutdown2.o)
    0x08000242   0x08000242   0x00000000   Code   RO          226    .ARM.Collect$$libshutdown$$0000000A  c_w.l(libshutdown2.o)
    0x08000242   0x08000242   0x00000000   Code   RO          228    .ARM.Collect$$libshutdown$$0000000C  c_w.l(libshutdown2.o)
    0x08000242   0x08000242   0x00000000   Code   RO          231    .ARM.Collect$$libshutdown$$0000000F  c_w.l(libshutdown2.o)
    0x08000242   0x08000242   0x00000002   Code   RO          232    .ARM.Collect$$libshutdown$$00000010  c_w.l(libshutdown2.o)
    0x08000244   0x08000244   0x00000000   Code   RO          106    .ARM.Collect$$rtentry$$00000000  c_w.l(__rtentry.o)
    0x08000244   0x08000244   0x00000000   Code   RO          108    .ARM.Collect$$rtentry$$00000002  c_w.l(__rtentry2.o)
    0x08000244   0x08000244   0x00000006   Code   RO          120    .ARM.Collect$$rtentry$$00000004  c_w.l(__rtentry4.o)
    0x0800024a   0x0800024a   0x00000000   Code   RO          110    .ARM.Collect$$rtentry$$00000009  c_w.l(__rtentry2.o)
    0x0800024a   0x0800024a   0x00000004   Code   RO          111    .ARM.Collect$$rtentry$$0000000A  c_w.l(__rtentry2.o)
    0x0800024e   0x0800024e   0x00000000   Code   RO          113    .ARM.Collect$$rtentry$$0000000C  c_w.l(__rtentry2.o)
    0x0800024e   0x0800024e   0x00000008   Code   RO          114    .ARM.Collect$$rtentry$$0000000D  c_w.l(__rtentry2.o)
    0x08000256   0x08000256   0x00000002   Code   RO          135    .ARM.Collect$$rtexit$$00000000  c_w.l(rtexit.o)
    0x08000258   0x08000258   0x00000000   Code   RO          183    .ARM.Collect$$rtexit$$00000002  c_w.l(rtexit2.o)
    0x08000258   0x08000258   0x00000004   Code   RO          184    .ARM.Collect$$rtexit$$00000003  c_w.l(rtexit2.o)
    0x0800025c   0x0800025c   0x00000006   Code   RO          185    .ARM.Collect$$rtexit$$00000004  c_w.l(rtexit2.o)
    0x08000262   0x08000262   0x00000002   PAD
    0x08000264   0x08000264   0x00000040   Code   RO           79  * .text               startup_stm32f446xx.o
    0x080002a4   0x080002a4   0x00000006   Code   RO          102    .text               c_w.l(heapauxi.o)
    0x080002aa   0x080002aa   0x0000004a   Code   RO          122    .text               c_w.l(sys_stackheap_outer.o)
    0x080002f4   0x080002f4   0x00000012   Code   RO          124    .text               c_w.l(exit.o)
    0x08000306   0x08000306   0x00000002   PAD
    0x08000308   0x08000308   0x00000008   Code   RO          132    .text               c_w.l(libspace.o)
    0x08000310   0x08000310   0x0000000c   Code   RO          193    .text               c_w.l(sys_exit.o)
    0x0800031c   0x0800031c   0x00000002   Code   RO          208    .text               c_w.l(use_no_semi.o)
    0x0800031e   0x0800031e   0x00000000   Code   RO          210    .text               c_w.l(indicate_semi.o)
    0x0800031e   0x0800031e   0x00000002   PAD
    0x08000320   0x08000320   0x00000038   Code   RO           42    .text.EXTI2_IRQHandler  trafic lights.o
    0x08000358   0x08000358   0x00000038   Code   RO           44    .text.EXTI3_IRQHandler  trafic lights.o
    0x08000390   0x08000390   0x000004da   Code   RO            6    .text.LCD_HUD       trafic lights.o
    0x0800086a   0x0800086a   0x00000002   PAD
    0x0800086c   0x0800086c   0x00000026   Code   RO           24    .text.LCD_command   trafic lights.o
    0x08000892   0x08000892   0x00000002   PAD
    0x08000894   0x08000894   0x00000020   Code   RO           28    .text.LCD_data      trafic lights.o
    0x080008b4   0x080008b4   0x0000005e   Code   RO            4    .text.LCD_init      trafic lights.o
    0x08000912   0x08000912   0x00000002   PAD
    0x08000914   0x08000914   0x00000038   Code   RO           36    .text.LCD_nibble_write  trafic lights.o
    0x0800094c   0x0800094c   0x0000002c   Code   RO           26    .text.LCD_print     trafic lights.o
    0x08000978   0x08000978   0x000000ee   Code   RO           34    .text.PORTS_init    trafic lights.o
    0x08000a66   0x08000a66   0x00000002   PAD
    0x08000a68   0x08000a68   0x0000001a   Code   RO           86    .text.SystemInit    system_stm32f4xx.o
    0x08000a82   0x08000a82   0x00000002   PAD
    0x08000a84   0x08000a84   0x0000005e   Code   RO           40    .text.TIM2_IRQHandler  trafic lights.o
    0x08000ae2   0x08000ae2   0x00000002   PAD
    0x08000ae4   0x08000ae4   0x00000016   Code   RO           38    .text.__NVIC_EnableIRQ  trafic lights.o
    0x08000afa   0x08000afa   0x00000002   PAD
    0x08000afc   0x08000afc   0x00000068   Code   RO           32    .text.crosswalk     trafic lights.o
    0x08000b64   0x08000b64   0x00000036   Code   RO           30    .text.cursor_update  trafic lights.o
    0x08000b9a   0x08000b9a   0x00000002   PAD
    0x08000b9c   0x08000b9c   0x00000032   Code   RO           22    .text.delayMs       trafic lights.o
    0x08000bce   0x08000bce   0x00000002   PAD
    0x08000bd0   0x08000bd0   0x000000d6   Code   RO            2    .text.main          trafic lights.o
    0x08000ca6   0x08000ca6   0x00000002   PAD
    0x08000ca8   0x08000ca8   0x00000024   Code   RO           20    .text.redRed        trafic lights.o
    0x08000ccc   0x08000ccc   0x0000007c   Code   RO           10    .text.ruralTraffic  trafic lights.o
    0x08000d48   0x08000d48   0x000000c8   Code   RO           14    .text.ruralTraffic_c  trafic lights.o
    0x08000e10   0x08000e10   0x00000058   Code   RO            8    .text.urbanTraffic  trafic lights.o
    0x08000e68   0x08000e68   0x000000ae   Code   RO           12    .text.urbanTraffic_c  trafic lights.o
    0x08000f16   0x08000f16   0x00000002   PAD
    0x08000f18   0x08000f18   0x00000024   Code   RO           16    .text.yEW_rNS       trafic lights.o
    0x08000f3c   0x08000f3c   0x00000024   Code   RO           18    .text.yNS_rEW       trafic lights.o
    0x08000f60   0x08000f60   0x0000001a   Code   RO          191    x$fpl$fpinit        fz_wm.l(fpinit.o)
    0x08000f7a   0x08000f7a   0x00000002   PAD
    0x08000f7c   0x08000f7c   0x00000020   Data   RO          266    Region$$Table       anon$$obj.o


    Execution Region ER_RW (Exec base: 0x20000000, Load base: 0x08000f9c, Size: 0x000000e0, Max: 0xffffffff, ABSOLUTE)

    Exec Addr    Load Addr    Size         Type   Attr      Idx    E Section Name        Object

    0x20000000   0x08000f9c   0x00000004   Data   RW           63    .data.G             trafic lights.o
    0x20000004   0x08000fa0   0x0000000c   Data   RW           54    .data.LCD_HUD.gy    trafic lights.o
    0x20000010   0x08000fac   0x0000000d   Data   RW           52    .data.LCD_HUD.mc    trafic lights.o
    0x2000001d   0x08000fb9   0x00000006   Data   RW           49    .data.LCD_HUD.modec  trafic lights.o
    0x20000023   0x08000fbf   0x00000046   Data   RW           56    .data.LCD_HUD.modes  trafic lights.o
    0x20000069   0x08001005   0x00000024   Data   RW           55    .data.LCD_HUD.operations  trafic lights.o
    0x2000008d   0x08001029   0x00000003   Data   RW           50    .data.LCD_HUD.p_back  trafic lights.o
    0x20000090   0x0800102c   0x00000003   Data   RW           51    .data.LCD_HUD.p_front  trafic lights.o
    0x20000093   0x0800102f   0x0000000c   Data   RW           53    .data.LCD_HUD.td    trafic lights.o
    0x2000009f   0x0800103b   0x00000012   Data   RW           57    .data.LCD_HUD.tod   trafic lights.o
    0x200000b1   0x0800104d   0x00000018   Data   RW           59    .data.LCD_HUD.tod_count  trafic lights.o
    0x200000c9   0x08001065   0x00000010   Data   RW           58    .data.LCD_HUD.tod_en  trafic lights.o
    0x200000d9   0x08001075   0x00000003   PAD
    0x200000dc   0x08001078   0x00000004   Data   RW           64    .data.Y             trafic lights.o


    Execution Region ER_ZI (Exec base: 0x200000e0, Load base: 0x0800107c, Size: 0x00000688, Max: 0xffffffff, ABSOLUTE)

    Exec Addr    Load Addr    Size         Type   Attr      Idx    E Section Name        Object

    0x200000e0        -       0x00000060   Zero   RW          133    .bss                c_w.l(libspace.o)
    0x20000140        -       0x00000001   Zero   RW           48    .bss.Ew_cross       trafic lights.o
    0x20000141   0x0800107c   0x00000003   PAD
    0x20000144        -       0x00000001   Zero   RW           47    .bss.Ns_cross       trafic lights.o
    0x20000145   0x0800107c   0x00000003   PAD
    0x20000148        -       0x00000004   Zero   RW           61    .bss.cursor         trafic lights.o
    0x2000014c        -       0x00000004   Zero   RW           46    .bss.mode           trafic lights.o
    0x20000150        -       0x00000004   Zero   RW           66    .bss.mode_1         trafic lights.o
    0x20000154        -       0x00000004   Zero   RW           67    .bss.mode_2         trafic lights.o
    0x20000158        -       0x00000004   Zero   RW           60    .bss.stage          trafic lights.o
    0x2000015c        -       0x00000004   Zero   RW           65    .bss.step           trafic lights.o
    0x20000160        -       0x00000001   Zero   RW           62    .bss.tod_enable     trafic lights.o
    0x20000161   0x0800107c   0x00000007   PAD
    0x20000168        -       0x00000200   Zero   RW           77    HEAP                startup_stm32f446xx.o
    0x20000368        -       0x00000400   Zero   RW           76    STACK               startup_stm32f446xx.o


==============================================================================

Image component sizes


      Code (inc. data)   RO Data    RW Data    ZI Data      Debug   Object Name

        64         26        452          0       1536        912   startup_stm32f446xx.o
        26          0          0          0          0       2857   system_stm32f4xx.o
      3088         84          0        221         27      10265   trafic lights.o

    ----------------------------------------------------------------------
      3200        110        484        224       1576      14034   Object Totals
         0          0         32          0          0          0   (incl. Generated)
        22          0          0          3         13          0   (incl. Padding)

    ----------------------------------------------------------------------

      Code (inc. data)   RO Data    RW Data    ZI Data      Debug   Library Member Name

         8          0          0          0          0         68   __main.o
         0          0          0          0          0          0   __rtentry.o
        12          0          0          0          0          0   __rtentry2.o
         6          0          0          0          0          0   __rtentry4.o
        52          8          0          0          0          0   __scatter.o
        26          0          0          0          0          0   __scatter_copy.o
        28          0          0          0          0          0   __scatter_zi.o
        18          0          0          0          0         80   exit.o
         6          0          0          0          0        152   heapauxi.o
         0          0          0          0          0          0   indicate_semi.o
         2          0          0          0          0          0   libinit.o
         6          0          0          0          0          0   libinit2.o
         2          0          0          0          0          0   libshutdown.o
         2          0          0          0          0          0   libshutdown2.o
         8          4          0          0         96         68   libspace.o
         2          0          0          0          0          0   rtexit.o
        10          0          0          0          0          0   rtexit2.o
        12          4          0          0          0         68   sys_exit.o
        74          0          0          0          0         80   sys_stackheap_outer.o
         2          0          0          0          0         68   use_no_semi.o
        26          0          0          0          0        116   fpinit.o

    ----------------------------------------------------------------------
       312         16          0          0         96        700   Library Totals
        10          0          0          0          0          0   (incl. Padding)

    ----------------------------------------------------------------------

      Code (inc. data)   RO Data    RW Data    ZI Data      Debug   Library Name

       276         16          0          0         96        584   c_w.l
        26          0          0          0          0        116   fz_wm.l

    ----------------------------------------------------------------------
       312         16          0          0         96        700   Library Totals

    ----------------------------------------------------------------------

==============================================================================


      Code (inc. data)   RO Data    RW Data    ZI Data      Debug   

      3512        126        484        224       1672      14562   Grand Totals
      3512        126        484        224       1672      14562   ELF Image Totals
      3512        126        484        224          0          0   ROM Totals

==============================================================================

    Total RO  Size (Code + RO Data)                 3996 (   3.90kB)
    Total RW  Size (RW Data + ZI Data)              1896 (   1.85kB)
    Total ROM Size (Code + RO Data + RW Data)       4220 (   4.12kB)

==============================================================================

